#-----------------------------------------------------------
# Vivado v2014.4 (64-bit)
# SW Build 1071353 on Tue Nov 18 18:29:27 MST 2014
# IP Build 1070531 on Tue Nov 18 01:10:18 MST 2014
# Start of session at: Fri Oct 07 13:40:13 2016
# Process ID: 12372
# Log file: C:/Users/Toby/Desktop/Lab3-Task3/vivado.log
# Journal file: C:/Users/Toby/Desktop/Lab3-Task3\vivado.jou
#-----------------------------------------------------------
start_gui
open_project C:/Users/Toby/Desktop/Lab3-Task3/Lab3-Task3.xpr
close_project
open_project C:/Users/Toby/Desktop/Lab3-Task3/Lab3-Task3.xpr
open_hw
connect_hw_server
close_hw
reset_run impl_1 -prev_step 
launch_runs impl_1 -to_step write_bitstream
wait_on_run impl_1
open_run impl_1
close_design
open_hw
connect_hw_server
open_hw_target [lindex [get_hw_targets -of_objects [get_hw_servers localhost]] 0]
set_property PROGRAM.FILE {C:\Users\Toby\Desktop\wraparoundLEDS.bit} [lindex [get_hw_devices] 0]
set_property PROBES.FILE {C:/Users/Toby/Desktop/debug_nets.ltx} [lindex [get_hw_devices] 0]
current_hw_device [lindex [get_hw_devices] 0]
refresh_hw_device -update_hw_probes false [lindex [get_hw_devices] 0]
set_property PROBES.FILE {C:/Users/Toby/Desktop/debug_nets.ltx} [lindex [get_hw_devices] 0]
set_property PROGRAM.FILE {C:/Users/Toby/Desktop/Lab3-Task3/Lab3-Task3.runs/impl_1/wraparoundLEDS.bit} [lindex [get_hw_devices] 0]
program_hw_devices [lindex [get_hw_devices] 0]
refresh_hw_device [lindex [get_hw_devices] 0]
close_hw
reset_run synth_1
launch_runs synth_1
wait_on_run synth_1
launch_runs impl_1
wait_on_run impl_1
launch_runs impl_1 -to_step write_bitstream
wait_on_run impl_1
reset_run impl_1 -prev_step 
launch_runs impl_1 -to_step write_bitstream
wait_on_run impl_1
open_hw
connect_hw_server
open_hw_target [lindex [get_hw_targets -of_objects [get_hw_servers localhost]] 0]
set_property PROGRAM.FILE {C:/Users/Toby/Desktop/Lab3-Task3/Lab3-Task3.runs/impl_1/wraparoundLEDS.bit} [lindex [get_hw_devices] 0]
set_property PROBES.FILE {C:/Users/Toby/Desktop/Lab3-Task3/Lab3-Task3.runs/impl_1/debug_nets.ltx} [lindex [get_hw_devices] 0]
current_hw_device [lindex [get_hw_devices] 0]
refresh_hw_device -update_hw_probes false [lindex [get_hw_devices] 0]
set_property PROBES.FILE {C:/Users/Toby/Desktop/Lab3-Task3/Lab3-Task3.runs/impl_1/debug_nets.ltx} [lindex [get_hw_devices] 0]
set_property PROGRAM.FILE {C:/Users/Toby/Desktop/Lab3-Task3/Lab3-Task3.runs/impl_1/wraparoundLEDS.bit} [lindex [get_hw_devices] 0]
program_hw_devices [lindex [get_hw_devices] 0]
refresh_hw_device [lindex [get_hw_devices] 0]
reset_run synth_1
launch_runs synth_1
wait_on_run synth_1
launch_runs impl_1
wait_on_run impl_1
launch_runs impl_1 -to_step write_bitstream
wait_on_run impl_1
set_property PROBES.FILE {C:/Users/Toby/Desktop/Lab3-Task3/Lab3-Task3.runs/impl_1/debug_nets.ltx} [lindex [get_hw_devices] 0]
set_property PROGRAM.FILE {C:/Users/Toby/Desktop/Lab3-Task3/Lab3-Task3.runs/impl_1/wraparoundLEDS.bit} [lindex [get_hw_devices] 0]
program_hw_devices [lindex [get_hw_devices] 0]
refresh_hw_device [lindex [get_hw_devices] 0]
reset_run impl_1 -prev_step 
launch_runs impl_1 -to_step write_bitstream
wait_on_run impl_1
set_property PROBES.FILE {C:/Users/Toby/Desktop/Lab3-Task3/Lab3-Task3.runs/impl_1/debug_nets.ltx} [lindex [get_hw_devices] 0]
set_property PROGRAM.FILE {C:/Users/Toby/Desktop/Lab3-Task3/Lab3-Task3.runs/impl_1/wraparoundLEDS.bit} [lindex [get_hw_devices] 0]
program_hw_devices [lindex [get_hw_devices] 0]
refresh_hw_device [lindex [get_hw_devices] 0]
reset_run synth_1
launch_runs impl_1 -to_step write_bitstream
wait_on_run impl_1
set_property PROBES.FILE {C:/Users/Toby/Desktop/Lab3-Task3/Lab3-Task3.runs/impl_1/debug_nets.ltx} [lindex [get_hw_devices] 0]
set_property PROGRAM.FILE {C:/Users/Toby/Desktop/Lab3-Task3/Lab3-Task3.runs/impl_1/wraparoundLEDS.bit} [lindex [get_hw_devices] 0]
program_hw_devices [lindex [get_hw_devices] 0]
refresh_hw_device [lindex [get_hw_devices] 0]
reset_run impl_1 -prev_step 
launch_runs impl_1 -to_step write_bitstream
wait_on_run impl_1
set_property PROBES.FILE {C:/Users/Toby/Desktop/Lab3-Task3/Lab3-Task3.runs/impl_1/debug_nets.ltx} [lindex [get_hw_devices] 0]
set_property PROGRAM.FILE {C:/Users/Toby/Desktop/Lab3-Task3/Lab3-Task3.runs/impl_1/wraparoundLEDS.bit} [lindex [get_hw_devices] 0]
program_hw_devices [lindex [get_hw_devices] 0]
refresh_hw_device [lindex [get_hw_devices] 0]
reset_run synth_1
launch_runs synth_1
wait_on_run synth_1
launch_runs impl_1
wait_on_run impl_1
launch_runs impl_1 -to_step write_bitstream
wait_on_run impl_1
set_property PROBES.FILE {C:/Users/Toby/Desktop/Lab3-Task3/Lab3-Task3.runs/impl_1/debug_nets.ltx} [lindex [get_hw_devices] 0]
set_property PROGRAM.FILE {C:/Users/Toby/Desktop/Lab3-Task3/Lab3-Task3.runs/impl_1/wraparoundLEDS.bit} [lindex [get_hw_devices] 0]
program_hw_devices [lindex [get_hw_devices] 0]
refresh_hw_device [lindex [get_hw_devices] 0]
